<div class="post-text" itemprop="text">
<p>I got problems with importing <code>tkinter</code> after installing Python version 3.4.2 with <code>pyenv</code>. My system Python is version 2.7.6. I am using Ubuntu 14.04. For the following sample script <code>t.py</code>:</p>
<pre><code>import _tkinter

print ("Hello")
</code></pre>
<p>I get:</p>
<pre><code>$ pyenv global system
$ python --version
Python 2.7.6
$ python t.py
Hello
$ pyenv global 3.4.2
$ python --version
Python 3.4.2
$ python t.py
Traceback (most recent call last):
  File "t.py", line 3, in &lt;module&gt;
    import _tkinter
ImportError: No module named '_tkinter'
    Traceback (most recent call last):
      File "t.py", line 3, in &lt;module&gt;
        import _tkinter
    ImportError: No module named '_tkinter'
</code></pre>
<p>Note that <code>pyenv</code> installed Python version 3.4.2 in <code>~/.pyenv/versions/3.4.2/</code>.</p>
</div>
<div class="post-text" itemprop="text">
<p>This problem seems to be solved now using the approach described in this <a href="https://github.com/yyuu/pyenv/issues/94" rel="noreferrer">post</a>:</p>
<ul>
<li>First uninstall Python 3.4.2 : <code>pyenv uninstall 3.4.2</code>, then</li>
<li>Run  <code>sudo apt-get install tk-dev</code></li>
<li>And reinstall Python 3.4.2 : <code>pyenv install 3.4.2</code></li>
</ul>
</div>
<div class="post-text" itemprop="text">
<p>Change your code to:</p>
<pre><code>import tkinter
</code></pre>
<p>Documentation <a href="https://docs.python.org/3/library/tkinter.html" rel="nofollow">link</a>:</p>
<blockquote>
<p>Most of the time, tkinter is all you really need, but a number of additional modules are available as well. The Tk interface is located in a binary module named _tkinter. This module contains the low-level interface to Tk, and should never be used directly by application programmers. It is usually a shared library (or DLL), but might in some cases be statically linked with the Python interpreter.</p>
</blockquote>
</div>
<span class="comment-copy">Don't import private modules unless you know what you're doing.</span>
<span class="comment-copy">@simonzack Is <code>tkinter</code> a private module?</span>
<span class="comment-copy">In this case yes, names prefixed with <code>_</code> mean private as a convention.</span>
<span class="comment-copy">I just followed the instructions at <a href="https://wiki.python.org/moin/TkInter" rel="nofollow noreferrer">wiki.python.org/moin/TkInter</a> .. It says you should first try to import <code>_tkinter</code>.. and importing <code>tkinter</code> without underscore does not work either..</span>
<span class="comment-copy">That's for testing the install.</span>
<span class="comment-copy">In Centos, you have to install <code>tkinter</code> using this command: <code>sudo yum install python34-tk*</code></span>
<span class="comment-copy">It still does not work. See step 1 at <a href="https://wiki.python.org/moin/TkInter" rel="nofollow noreferrer">wiki.python.org/moin/TkInter</a> . It says you should first try to import <code>_tkinter</code>..</span>
<span class="comment-copy">@HåkonHægland That's for testing the install.</span>
<span class="comment-copy">@simonzack Yes that was exactly what I was trying to do.. testing the install.. I never use <code>import _tkinter</code> in my regular code..</span>
