link:
library/datetime.html#datetime.time.isoformat

docs:


time.isoformat(timespec='auto')Â¶
Return a string representing the time in ISO 8601 format, HH:MM:SS.ffffff or, if
microsecond is 0, HH:MM:SS If utcoffset() does not return None, a
string is appended, giving the UTC offset: HH:MM:SS.ffffff+HH:MM[:SS[.ffffff]]
or, if self.microsecond is 0, HH:MM:SS+HH:MM[:SS[.ffffff]].
The optional argument timespec specifies the number of additional
components of the time to include (the default is 'auto').
It can be one of the following:

'auto': Same as 'seconds' if microsecond is 0,
same as 'microseconds' otherwise.
'hours': Include the hour in the two-digit HH format.
'minutes': Include hour and minute in HH:MM format.
'seconds': Include hour, minute, and second
in HH:MM:SS format.
'milliseconds': Include full time, but truncate fractional second
part to milliseconds. HH:MM:SS.sss format.
'microseconds': Include full time in HH:MM:SS.ffffff format.


Note
Excluded time components are truncated, not rounded.

ValueError will be raised on an invalid timespec argument.
>>> from datetime import time
>>> time(hour=12, minute=34, second=56, microsecond=123456).isoformat(timespec='minutes')
'12:34'
>>> dt = time(hour=12, minute=34, second=56, microsecond=0)
>>> dt.isoformat(timespec='microseconds')
'12:34:56.000000'
>>> dt.isoformat(timespec='auto')
'12:34:56'



New in version 3.6: Added the timespec argument.

