link:
library/argparse.html#name-or-flags

docs:

name or flagsÂ¶
The add_argument() method must know whether an optional
argument, like -f or --foo, or a positional argument, like a list of
filenames, is expected.  The first arguments passed to
add_argument() must therefore be either a series of
flags, or a simple argument name.  For example, an optional argument could
be created like:
>>> parser.add_argument('-f', '--foo')


while a positional argument could be created like:
>>> parser.add_argument('bar')


When parse_args() is called, optional arguments will be
identified by the - prefix, and the remaining arguments will be assumed to
be positional:
>>> parser = argparse.ArgumentParser(prog='PROG')
>>> parser.add_argument('-f', '--foo')
>>> parser.add_argument('bar')
>>> parser.parse_args(['BAR'])
Namespace(bar='BAR', foo=None)
>>> parser.parse_args(['BAR', '--foo', 'FOO'])
Namespace(bar='BAR', foo='FOO')
>>> parser.parse_args(['--foo', 'FOO'])
usage: PROG [-h] [-f FOO] bar
PROG: error: the following arguments are required: bar


