link:
library/unittest.mock.html#unittest.mock.Mock.assert_called_once

docs:


assert_called_once(*args, **kwargs)Â¶
Assert that the mock was called exactly once.
>>> mock = Mock()
>>> mock.method()
<Mock name='mock.method()' id='...'>
>>> mock.method.assert_called_once()
>>> mock.method()
<Mock name='mock.method()' id='...'>
>>> mock.method.assert_called_once()
Traceback (most recent call last):
...
AssertionError: Expected 'method' to have been called once. Called 2 times.



New in version 3.6.

